// Jest Snapshot v1, https://goo.gl/fbAQLP

exports[`TasksForm component renders correctly 1`] = `
<View
  style={
    {
      "marginTop": 40,
    }
  }
>
  <Text
    style={
      {
        "color": "white",
        "fontSize": 24,
        "fontWeight": "bold",
        "marginVertical": 24,
        "textAlign": "center",
      }
    }
  >
    Your Task
  </Text>
  <View
    style={
      {
        "flexDirection": "row",
        "justifyContent": "space-between",
      }
    }
  >
    <View
      style={
        [
          {
            "marginHorizontal": 4,
            "marginVertical": 8,
          },
          {
            "flex": 1,
          },
        ]
      }
    >
      <Text
        style={
          [
            {
              "color": "#c6affc",
              "fontSize": 12,
              "marginBottom": 4,
            },
            false,
          ]
        }
      >
        Task Name
      </Text>
      <TextInput
        onChangeText={[Function]}
        style={
          [
            {
              "backgroundColor": "#c6affc",
              "borderRadius": 6,
              "color": "#2d0689",
              "fontSize": 18,
              "padding": 6,
            },
          ]
        }
        value=""
      />
    </View>
    <View
      style={
        [
          {
            "marginHorizontal": 4,
            "marginVertical": 8,
          },
          {
            "flex": 1,
          },
        ]
      }
    >
      <Text
        style={
          [
            {
              "color": "#c6affc",
              "fontSize": 12,
              "marginBottom": 4,
            },
            false,
          ]
        }
      >
        Date
      </Text>
      <TextInput
        maxLength={10}
        onChangeText={[Function]}
        placeholder="YYYY-MM-DD"
        style={
          [
            {
              "backgroundColor": "#c6affc",
              "borderRadius": 6,
              "color": "#2d0689",
              "fontSize": 18,
              "padding": 6,
            },
          ]
        }
        value="2024-03-07"
      />
    </View>
  </View>
  <View
    style={
      [
        {
          "marginHorizontal": 4,
          "marginVertical": 8,
        },
        undefined,
      ]
    }
  >
    <Text
      style={
        [
          {
            "color": "#c6affc",
            "fontSize": 12,
            "marginBottom": 4,
          },
          false,
        ]
      }
    >
      Description
    </Text>
    <TextInput
      multiline={true}
      onChangeText={[Function]}
      style={
        [
          {
            "backgroundColor": "#c6affc",
            "borderRadius": 6,
            "color": "#2d0689",
            "fontSize": 18,
            "padding": 6,
          },
          {
            "minHeight": 100,
            "textAlignVertical": "top",
          },
        ]
      }
      value=""
    />
  </View>
  <View
    style={
      {
        "alignItems": "center",
        "flexDirection": "row",
        "justifyContent": "center",
      }
    }
  >
    <View
      style={
        {
          "marginHorizontal": 8,
          "minWidth": 120,
        }
      }
    >
      <View
        accessibilityState={
          {
            "busy": undefined,
            "checked": undefined,
            "disabled": undefined,
            "expanded": undefined,
            "selected": undefined,
          }
        }
        accessibilityValue={
          {
            "max": undefined,
            "min": undefined,
            "now": undefined,
            "text": undefined,
          }
        }
        accessible={true}
        collapsable={false}
        focusable={true}
        onBlur={[Function]}
        onClick={[Function]}
        onFocus={[Function]}
        onResponderGrant={[Function]}
        onResponderMove={[Function]}
        onResponderRelease={[Function]}
        onResponderTerminate={[Function]}
        onResponderTerminationRequest={[Function]}
        onStartShouldSetResponder={[Function]}
        style={false}
      >
        <View
          style={
            [
              {
                "backgroundColor": "#3e04c3",
                "borderRadius": 4,
                "padding": 8,
              },
              {
                "backgroundColor": "transparent",
              },
            ]
          }
        >
          <Text
            style={
              [
                {
                  "color": "white",
                  "textAlign": "center",
                },
                {
                  "color": "#a281f0",
                },
              ]
            }
          >
            Cancel
          </Text>
        </View>
      </View>
    </View>
    <View
      style={
        {
          "marginHorizontal": 8,
          "minWidth": 120,
        }
      }
    >
      <View
        accessibilityState={
          {
            "busy": undefined,
            "checked": undefined,
            "disabled": undefined,
            "expanded": undefined,
            "selected": undefined,
          }
        }
        accessibilityValue={
          {
            "max": undefined,
            "min": undefined,
            "now": undefined,
            "text": undefined,
          }
        }
        accessible={true}
        collapsable={false}
        focusable={true}
        onBlur={[Function]}
        onClick={[Function]}
        onFocus={[Function]}
        onResponderGrant={[Function]}
        onResponderMove={[Function]}
        onResponderRelease={[Function]}
        onResponderTerminate={[Function]}
        onResponderTerminationRequest={[Function]}
        onStartShouldSetResponder={[Function]}
        style={false}
      >
        <View
          style={
            [
              {
                "backgroundColor": "#3e04c3",
                "borderRadius": 4,
                "padding": 8,
              },
              false,
            ]
          }
        >
          <Text
            style={
              [
                {
                  "color": "white",
                  "textAlign": "center",
                },
                false,
              ]
            }
          >
            Submit
          </Text>
        </View>
      </View>
    </View>
  </View>
</View>
`;
